root@ashu-System-Product-Name-Invalid-entry-length-16-Fixed-up-to-11:~# dmesg
[    0.000000] Linux version 4.11.0-rc4y-00064-g89970a0-dirty
(root@ashu-System-Product-Name-Invalid-entry-length-16-Fixed-up-to-11)
(gcc version 5.4.0 20160609 (Ubuntu 5.4.0-6ubuntu1~16.04.4) ) #4 SMP
Tue Apr 4 11:07:17 IST 2017

uname -r
4.11.0-rc4y-00064-g89970a0-dirty


dmesg log:

root@ashu-System-Product-Name-Invalid-entry-length-16-Fixed-up-to-11:~# dmesg
[    0.000000] Linux version 4.11.0-rc4y+
(root@ashu-System-Product-Name-Invalid-entry-length-16-Fixed-up-to-11)
(gcc version 5.4.0 20160609 (Ubuntu 5.4.0-6ubuntu1~16.04.4) ) #3 SMP
Thu Mar 30 17:15:48 IST 2017
[    0.000000] Command line: BOOT_IMAGE=/boot/vmlinuz-4.11.0-rc4y+
root=UUID=0e8ac35d-08bc-41ff-8033-c455e5414bd1 ro quiet splash
vt.handoff=7
[    0.000000] x86/fpu: Supporting XSAVE feature 0x001: 'x87 floating
point registers'
[    0.000000] x86/fpu: Supporting XSAVE feature 0x002: 'SSE registers'





OUTPUT of dmesg: (Also attached as attachment, Is it okay to attach it
as attachment henceforth or pasting such huge log in mail is fine?)

root@ashu-System-Product-Name-Invalid-entry-length-16-Fixed-up-to-11:~# dmesg
[    0.000000] Linux version 4.11.0-rc4y+
(root@ashu-System-Product-Name-Invalid-entry-length-16-Fixed-up-to-11)
(gcc version 5.4.0 20160609 (Ubuntu 5.4.0-6ubuntu1~16.04.4) ) #1 SMP
Tue Mar 28 13:41:54 IST 2017
[    0.000000] Command line: BOOT_IMAGE=/boot/vmlinuz-4.11.0-rc4y+
root=UUID=0e8ac35d-08bc-41ff-8033-c455e5414bd1 ro quiet splash
vt.handoff=7
[    0.000000] x86/fpu: Supporting XSAVE feature 0x001: 'x87 floating
point registers'
[    0.000000] x86/fpu: Supporting XSAVE feature 0x002: 'SSE registers'
[    0.000000] x86/fpu: Supporting XSAVE feature 0x004: 'AVX registers'
[    0.000000] x86/fpu: xstate_offset[2]:  576, xstate_sizes[2]:  256
[    0.000000] x86/fpu: Enabled xstate features 0x7, context size is
832 bytes, using 'standard' format.
[    0.000000] e820: BIOS-provided physical RAM map:
[    0.000000] BIOS-e820: [mem 0x0000000000000000-0x000000000009fbff] usable
[    0.000000] BIOS-e820: [mem 0x000000000009fc00-0x000000000009ffff] reserved
[    0.000000] BIOS-e820: [mem 0x00000000000e0000-0x00000000000fffff] reserved
[    0.000000] BIOS-e820: [mem 0x0000000000100000-0x00000000bc08cfff] usable
[    0.000000] BIOS-e820: [mem 0x00000000bc08d000-0x00000000bc372fff] reserved
[    0.000000] BIOS-e820: [mem 0x00000000bc373000-0x00000000bc480fff] ACPI data
[    0.000000] BIOS-e820: [mem 0x00000000bc481000-0x00000000bc69efff] ACPI NVS
[    0.000000] BIOS-e820: [mem 0x00000000bc69f000-0x00000000bd724fff] reserved
[    0.000000] BIOS-e820: [mem 0x00000000bd725000-0x00000000bd725fff] usable
[    0.000000] BIOS-e820: [mem 0x00000000bd726000-0x00000000bd7abfff] ACPI NVS
[    0.000000] BIOS-e820: [mem 0x00000000bd7ac000-0x00000000bdbe6fff] usable
[    0.000000] BIOS-e820: [mem 0x00000000bdbe7000-0x00000000bdff3fff] reserved
[    0.000000] BIOS-e820: [mem 0x00000000bdff4000-0x00000000bdffffff] usable
[    0.000000] BIOS-e820: [mem 0x00000000e0000000-0x00000000efffffff] reserved
[    0.000000] BIOS-e820: [mem 0x00000000fed1c000-0x00000000fed1ffff] reserved
[    0.000000] BIOS-e820: [mem 0x00000000ff000000-0x00000000ffffffff] reserved
[    0.000000] BIOS-e820: [mem 0x0000000100000000-0x000000023fffffff] usable
[    0.000000] NX (Execute Disable) protection: active
[    0.000000] SMBIOS 2.7 present.
[    0.000000] DMI: System manufacturer System Product Name/P9X79 PRO,
BIOS 4608 12/24/2013
[    0.000000] e820: update [mem 0x00000000-0x00000fff] usable ==> reserved
[    0.000000] e820: remove [mem 0x000a0000-0x000fffff] usable
[    0.000000] e820: last_pfn = 0x240000 max_arch_pfn = 0x400000000
[    0.000000] MTRR default type: uncachable
[    0.000000] MTRR fixed ranges enabled:
[    0.000000]   00000-9FFFF write-back
[    0.000000]   A0000-BFFFF uncachable
[    0.000000]   C0000-CFFFF write-protect
[    0.000000]   D0000-E7FFF uncachable
[    0.000000]   E8000-FFFFF write-protect
[    0.000000] MTRR variable ranges enabled:
[    0.000000]   0 base 000000000000 mask 3FFE00000000 write-back
[    0.000000]   1 base 000200000000 mask 3FFFC0000000 write-back
[    0.000000]   2 base 0000BF000000 mask 3FFFFF000000 uncachable
[    0.000000]   3 base 0000C0000000 mask 3FFFC0000000 uncachable
[    0.000000]   4 disabled
[    0.000000]   5 disabled
[    0.000000]   6 disabled
[    0.000000]   7 disabled
[    0.000000]   8 disabled
[    0.000000]   9 disabled
[    0.000000] x86/PAT: Configuration [0-7]: WB  WC  UC- UC  WB  WC  UC- WT
[    0.000000] e820: update [mem 0xbf000000-0xffffffff] usable ==> reserved
[    0.000000] e820: last_pfn = 0xbe000 max_arch_pfn = 0x400000000
[    0.000000] found SMP MP-table at [mem 0x000fd890-0x000fd89f]
mapped at [ffff8800000fd890]
[    0.000000] Scanning 1 areas for low memory corruption
[    0.000000] Base memory trampoline at [ffff880000099000] 99000 size 24576
[    0.000000] Using GB pages for direct mapping
[    0.000000] BRK [0x02115000, 0x02115fff] PGTABLE
[    0.000000] BRK [0x02116000, 0x02116fff] PGTABLE
[    0.000000] BRK [0x02117000, 0x02117fff] PGTABLE
[    0.000000] BRK [0x02118000, 0x02118fff] PGTABLE
[    0.000000] BRK [0x02119000, 0x02119fff] PGTABLE
[    0.000000] BRK [0x0211a000, 0x0211afff] PGTABLE
[    0.000000] RAMDISK: [mem 0x36e2a000-0x3770cfff]
[    0.000000] ACPI: Early table checksum verification disabled
[    0.000000] ACPI: RSDP 0x00000000000F0490 000024 (v02 ALASKA)
[    0.000000] ACPI: XSDT 0x00000000BC3A9070 000054 (v01 ALASKA A M I
  01072009 AMI  00010013)
[    0.000000] ACPI: FACP 0x00000000BC3B31A0 00010C (v05 ALASKA A M I
  01072009 AMI  00010013)
[    0.000000] ACPI: DSDT 0x00000000BC3A9158 00A046 (v02 ALASKA A M I
  00000016 INTL 20051117)
[    0.000000] ACPI: FACS 0x00000000BC696080 000040
[    0.000000] ACPI: APIC 0x00000000BC3B32B0 0000C8 (v03 ALASKA A M I
  01072009 AMI  00010013)
[    0.000000] ACPI: FPDT 0x00000000BC3B3378 000044 (v01 ALASKA A M I
  01072009 AMI  00010013)
[    0.000000] ACPI: MCFG 0x00000000BC3B33C0 00003C (v01 ALASKA
OEMMCFG. 01072009 MSFT 00000097)
[    0.000000] ACPI: HPET 0x00000000BC3B3400 000038 (v01 ALASKA A M I
  01072009 AMI. 00000005)
[    0.000000] ACPI: SSDT 0x00000000BC3B3490 0CD128 (v02 INTEL  CpuPm
  00004000 INTL 20051117)
[    0.000000] ACPI: Local APIC address 0xfee00000
[    0.000000] No NUMA configuration found
[    0.000000] Faking a node at [mem 0x0000000000000000-0x000000023fffffff]
[    0.000000] NODE_DATA(0) allocated [mem 0x23fffa000-0x23fffdfff]
[    0.000000] Zone ranges:
[    0.000000]   DMA      [mem 0x0000000000001000-0x0000000000ffffff]
[    0.000000]   DMA32    [mem 0x0000000001000000-0x00000000ffffffff]
[    0.000000]   Normal   [mem 0x0000000100000000-0x000000023fffffff]
[    0.000000] Movable zone start for each node
[    0.000000] Early memory node ranges
[    0.000000]   node   0: [mem 0x0000000000001000-0x000000000009efff]
[    0.000000]   node   0: [mem 0x0000000000100000-0x00000000bc08cfff]
[    0.000000]   node   0: [mem 0x00000000bd725000-0x00000000bd725fff]
[    0.000000]   node   0: [mem 0x00000000bd7ac000-0x00000000bdbe6fff]
[    0.000000]   node   0: [mem 0x00000000bdff4000-0x00000000bdffffff]
[    0.000000]   node   0: [mem 0x0000000100000000-0x000000023fffffff]
[    0.000000] Initmem setup node 0 [mem 0x0000000000001000-0x000000023fffffff]
[    0.000000] On node 0 totalpages: 2081907
[    0.000000]   DMA zone: 64 pages used for memmap
[    0.000000]   DMA zone: 21 pages reserved
[    0.000000]   DMA zone: 3998 pages, LIFO batch:0
[    0.000000]   DMA32 zone: 11988 pages used for memmap
[    0.000000]   DMA32 zone: 767189 pages, LIFO batch:31
[    0.000000]   Normal zone: 20480 pages used for memmap
[    0.000000]   Normal zone: 1310720 pages, LIFO batch:31
[    0.000000] ACPI: PM-Timer IO Port: 0x408
[    0.000000] ACPI: Local APIC address 0xfee00000
[    0.000000] ACPI: LAPIC_NMI (acpi_id[0x00] high edge lint[0x1])
[    0.000000] ACPI: LAPIC_NMI (acpi_id[0x02] high edge lint[0x1])
[    0.000000] ACPI: LAPIC_NMI (acpi_id[0x04] high edge lint[0x1])
[    0.000000] ACPI: LAPIC_NMI (acpi_id[0x06] high edge lint[0x1])
[    0.000000] ACPI: LAPIC_NMI (acpi_id[0x01] high edge lint[0x1])
[    0.000000] ACPI: LAPIC_NMI (acpi_id[0x03] high edge lint[0x1])
[    0.000000] ACPI: LAPIC_NMI (acpi_id[0x05] high edge lint[0x1])
[    0.000000] ACPI: LAPIC_NMI (acpi_id[0x07] high edge lint[0x1])
[    0.000000] IOAPIC[0]: apic_id 0, version 32, address 0xfec00000, GSI 0-23
[    0.000000] IOAPIC[1]: apic_id 2, version 32, address 0xfec01000, GSI 24-47
[    0.000000] ACPI: INT_SRC_OVR (bus 0 bus_irq 0 global_irq 2 dfl dfl)
[    0.000000] ACPI: INT_SRC_OVR (bus 0 bus_irq 9 global_irq 9 high level)
[    0.000000] ACPI: IRQ0 used by override.
[    0.000000] ACPI: IRQ9 used by override.
[    0.000000] Using ACPI (MADT) for SMP configuration information
[    0.000000] ACPI: HPET id: 0x8086a701 base: 0xfed00000
[    0.000000] smpboot: Allowing 8 CPUs, 0 hotplug CPUs
[    0.000000] PM: Registered nosave memory: [mem 0x00000000-0x00000fff]
[    0.000000] PM: Registered nosave memory: [mem 0x0009f000-0x0009ffff]
[    0.000000] PM: Registered nosave memory: [mem 0x000a0000-0x000dffff]
[    0.000000] PM: Registered nosave memory: [mem 0x000e0000-0x000fffff]
[    0.000000] PM: Registered nosave memory: [mem 0xbc08d000-0xbc372fff]
[    0.000000] PM: Registered nosave memory: [mem 0xbc373000-0xbc480fff]
[    0.000000] PM: Registered nosave memory: [mem 0xbc481000-0xbc69efff]
[    0.000000] PM: Registered nosave memory: [mem 0xbc69f000-0xbd724fff]
[    0.000000] PM: Registered nosave memory: [mem 0xbd726000-0xbd7abfff]
[    0.000000] PM: Registered nosave memory: [mem 0xbdbe7000-0xbdff3fff]
[    0.000000] PM: Registered nosave memory: [mem 0xbe000000-0xdfffffff]
[    0.000000] PM: Registered nosave memory: [mem 0xe0000000-0xefffffff]
[    0.000000] PM: Registered nosave memory: [mem 0xf0000000-0xfed1bfff]
[    0.000000] PM: Registered nosave memory: [mem 0xfed1c000-0xfed1ffff]
[    0.000000] PM: Registered nosave memory: [mem 0xfed20000-0xfeffffff]
[    0.000000] PM: Registered nosave memory: [mem 0xff000000-0xffffffff]
[    0.000000] e820: [mem 0xbe000000-0xdfffffff] available for PCI devices
[    0.000000] clocksource: refined-jiffies: mask: 0xffffffff
max_cycles: 0xffffffff, max_idle_ns: 1910969940391419 ns
[    0.000000] setup_percpu: NR_CPUS:64 nr_cpumask_bits:64
nr_cpu_ids:8 nr_node_ids:1
[    0.000000] percpu: Embedded 36 pages/cpu @ffff88023fc00000 s108440
r8192 d30824 u262144
[    0.000000] pcpu-alloc: s108440 r8192 d30824 u262144 alloc=1*2097152
[    0.000000] pcpu-alloc: [0] 0 1 2 3 4 5 6 7
[    0.000000] Built 1 zonelists in Node order, mobility grouping on.
Total pages: 2049354
[    0.000000] Policy zone: Normal
[    0.000000] Kernel command line:
BOOT_IMAGE=/boot/vmlinuz-4.11.0-rc4y+
root=UUID=0e8ac35d-08bc-41ff-8033-c455e5414bd1 ro quiet splash
vt.handoff=7
[    0.000000] PID hash table entries: 4096 (order: 3, 32768 bytes)
[    0.000000] Calgary: detecting Calgary via BIOS EBDA area
[    0.000000] Calgary: Unable to locate Rio Grande table in EBDA - bailing!
[    0.000000] Memory: 8102664K/8327628K available (9497K kernel code,
1267K rwdata, 2864K rodata, 1172K init, 672K bss, 224964K reserved, 0K
cma-reserved)
[    0.000000] SLUB: HWalign=64, Order=0-3, MinObjects=0, CPUs=8, Nodes=1
[    0.000000] Hierarchical RCU implementation.
[    0.000000]  RCU debugfs-based tracing is enabled.
[    0.000000]  Build-time adjustment of leaf fanout to 64.
[    0.000000]  RCU restricting CPUs from NR_CPUS=64 to nr_cpu_ids=8.
[    0.000000] RCU: Adjusting geometry for rcu_fanout_leaf=64, nr_cpu_ids=8
[    0.000000] NR_IRQS:4352 nr_irqs:896 16
[    0.000000] Console: colour dummy device 80x25
[    0.000000] console [tty0] enabled
[    0.000000] clocksource: hpet: mask: 0xffffffff max_cycles:
0xffffffff, max_idle_ns: 133484882848 ns
[    0.000000] hpet clockevent registered
[    0.000000] tsc: Fast TSC calibration using PIT
[    0.001000] tsc: Detected 3601.997 MHz processor
[    0.001000] Calibrating delay loop (skipped), value calculated
using timer frequency.. 7203.99 BogoMIPS (lpj=3601997)
[    0.001000] pid_max: default: 32768 minimum: 301
[    0.001000] ACPI: Core revision 20170119
[    0.029071] ACPI: 2 ACPI AML tables successfully acquired and loaded
[    0.029083] Security Framework initialized
[    0.029085] SELinux:  Initializing.
[    0.029090] SELinux:  Starting in permissive mode
[    0.029299] Dentry cache hash table entries: 1048576 (order: 11,
8388608 bytes)
[    0.031161] Inode-cache hash table entries: 524288 (order: 10, 4194304 bytes)
[    0.032065] Mount-cache hash table entries: 16384 (order: 5, 131072 bytes)
[    0.032069] Mountpoint-cache hash table entries: 16384 (order: 5,
131072 bytes)
[    0.032258] CPU: Physical Processor ID: 0
[    0.032258] CPU: Processor Core ID: 0
[    0.032262] ENERGY_PERF_BIAS: Set to 'normal', was 'performance'
[    0.032262] ENERGY_PERF_BIAS: View and update with x86_energy_perf_policy(8)
[    0.032264] mce: CPU supports 16 MCE banks
[    0.032273] CPU0: Thermal monitoring enabled (TM1)
[    0.032292] process: using mwait in idle threads
[    0.032294] Last level iTLB entries: 4KB 512, 2MB 8, 4MB 8
[    0.032295] Last level dTLB entries: 4KB 512, 2MB 32, 4MB 32, 1GB 0
[    0.032404] Freeing SMP alternatives memory: 32K
[    0.033061] smpboot: Max logical packages: 2
[    0.033535] ..TIMER: vector=0x30 apic1=0 pin1=2 apic2=-1 pin2=-1
[    0.043083] TSC deadline timer enabled
[    0.043085] smpboot: CPU0: Intel(R) Core(TM) i7-3820 CPU @ 3.60GHz
(family: 0x6, model: 0x2d, stepping: 0x7)
[    0.043121] Performance Events: PEBS fmt1+, SandyBridge events,
16-deep LBR, full-width counters, Intel PMU driver.
[    0.043137] ... version:                3
[    0.043138] ... bit width:              48
[    0.043138] ... generic registers:      4
[    0.043139] ... value mask:             0000ffffffffffff
[    0.043139] ... max period:             00007fffffffffff
[    0.043139] ... fixed-purpose events:   3
[    0.043140] ... event mask:             000000070000000f
[    0.043279] smp: Bringing up secondary CPUs ...
[    0.043325] x86: Booting SMP configuration:
[    0.043326] .... node  #0, CPUs:      #1 #2 #3 #4 #5 #6 #7
[    0.471013] smp: Brought up 1 node, 8 CPUs
[    0.471013] smpboot: Total of 8 processors activated (57661.51 BogoMIPS)
[    0.472070] sched_clock: Marking stable (472000000,
0)->(1135270043, -663270043)
[    0.472399] devtmpfs: initialized
[    0.472542] PM: Registering ACPI NVS region [mem
0xbc481000-0xbc69efff] (2220032 bytes)
[    0.472561] PM: Registering ACPI NVS region [mem
0xbd726000-0xbd7abfff] (548864 bytes)
[    0.472604] clocksource: jiffies: mask: 0xffffffff max_cycles:
0xffffffff, max_idle_ns: 1911260446275000 ns
[    0.472614] futex hash table entries: 2048 (order: 5, 131072 bytes)
[    0.472638] kworker/u16:0 (50) used greatest stack depth: 14104 bytes left
[    0.472674] RTC time:  8:26:43, date: 03/28/17
[    0.473769] NET: Registered protocol family 16
[    0.473929] cpuidle: using governor menu
[    0.473931] PCCT header not found.
[    0.473970] ACPI: bus type PCI registered
[    0.474014] PCI: MMCONFIG for domain 0000 [bus 00-ff] at [mem
0xe0000000-0xefffffff] (base 0xe0000000)
[    0.474016] PCI: MMCONFIG at [mem 0xe0000000-0xefffffff] reserved in E820
[    0.474020] pmd_set_huge: Cannot satisfy [mem
0xe0000000-0xe0200000] with a huge-page mapping due to MTRR override.
[    0.474167] PCI: Using configuration type 1 for base access
[    0.474218] core: PMU erratum BJ122, BV98, HSD29 worked around, HT is on
[    0.476398] HugeTLB registered 2 MB page size, pre-allocated 0 pages
[    0.476485] ACPI: Added _OSI(Module Device)
[    0.476485] ACPI: Added _OSI(Processor Device)
[    0.476486] ACPI: Added _OSI(3.0 _SCP Extensions)
[    0.476486] ACPI: Added _OSI(Processor Aggregator Device)
[    0.476600] ACPI: Executed 1 blocks of module-level executable AML code
[    0.555856] ACPI : EC: EC started
[    0.555857] ACPI : EC: interrupt blocked
[    0.555871] ACPI: \_SB_.PCI0.SBRG.EC0_: Used as first EC
[    0.555873] ACPI: \_SB_.PCI0.SBRG.EC0_: GPE=0x1e,
EC_CMD/EC_SC=0x66, EC_DATA=0x62
[    0.555874] ACPI: \_SB_.PCI0.SBRG.EC0_: Used as boot DSDT EC to
handle transactions
[    0.555874] ACPI: Interpreter enabled
[    0.555886] ACPI: (supports S0 S3 S4 S5)
[    0.555887] ACPI: Using IOAPIC for interrupt routing
[    0.555915] PCI: Using host bridge windows from ACPI; if necessary,
use "pci=nocrs" and report a bug
[    0.565446] ACPI: PCI Root Bridge [PCI0] (domain 0000 [bus 00-fe])
[    0.565449] acpi PNP0A08:00: _OSC: OS supports [ExtendedConfig ASPM
ClockPM Segments MSI]
[    0.565543] acpi PNP0A08:00: _OSC: platform does not support
[PCIeHotplug PME AER]
[    0.565628] acpi PNP0A08:00: _OSC: OS now controls [PCIeCapability]
[    0.565712] PCI host bridge to bus 0000:00
[    0.565713] pci_bus 0000:00: root bus resource [io  0x0000-0x03af window]
[    0.565714] pci_bus 0000:00: root bus resource [io  0x03e0-0x0cf7 window]
[    0.565715] pci_bus 0000:00: root bus resource [io  0x03b0-0x03df window]
[    0.565716] pci_bus 0000:00: root bus resource [io  0x0d00-0xffff window]
[    0.565716] pci_bus 0000:00: root bus resource [mem
0x000a0000-0x000bffff window]
[    0.565717] pci_bus 0000:00: root bus resource [mem
0x000c0000-0x000dffff window]
[    0.565719] pci_bus 0000:00: root bus resource [mem
0xc0000000-0xffffffff window]
[    0.565720] pci_bus 0000:00: root bus resource [bus 00-fe]
[    0.565730] pci 0000:00:00.0: [8086:3c00] type 00 class 0x060000
[    0.565787] pci 0000:00:00.0: PME# supported from D0 D3hot D3cold
[    0.565844] pci 0000:00:01.0: [8086:3c02] type 01 class 0x060400
[    0.565905] pci 0000:00:01.0: PME# supported from D0 D3hot D3cold
[    0.565946] pci 0000:00:01.0: System wakeup disabled by ACPI
[    0.565973] pci 0000:00:02.0: [8086:3c04] type 01 class 0x060400
[    0.566034] pci 0000:00:02.0: PME# supported from D0 D3hot D3cold
[    0.566074] pci 0000:00:02.0: System wakeup disabled by ACPI
[    0.566101] pci 0000:00:03.0: [8086:3c08] type 01 class 0x060400
[    0.566165] pci 0000:00:03.0: PME# supported from D0 D3hot D3cold
[    0.566205] pci 0000:00:03.0: System wakeup disabled by ACPI
[    0.566230] pci 0000:00:05.0: [8086:3c28] type 00 class 0x088000
[    0.566322] pci 0000:00:05.2: [8086:3c2a] type 00 class 0x088000
[    0.566413] pci 0000:00:05.4: [8086:3c2c] type 00 class 0x080020
[    0.566423] pci 0000:00:05.4: reg 0x10: [mem 0xfb529000-0xfb529fff]
[    0.566520] pci 0000:00:11.0: [8086:1d3e] type 01 class 0x060400
[    0.566600] pci 0000:00:11.0: PME# supported from D0 D3hot D3cold
[    0.566666] pci 0000:00:16.0: [8086:1d3a] type 00 class 0x078000
[    0.566684] pci 0000:00:16.0: reg 0x10: [mem 0xfb528000-0xfb52800f 64bit]
[    0.566749] pci 0000:00:16.0: PME# supported from D0 D3hot D3cold
[    0.566804] pci 0000:00:19.0: [8086:1503] type 00 class 0x020000
[    0.566817] pci 0000:00:19.0: reg 0x10: [mem 0xfb500000-0xfb51ffff]
[    0.566823] pci 0000:00:19.0: reg 0x14: [mem 0xfb527000-0xfb527fff]
[    0.566830] pci 0000:00:19.0: reg 0x18: [io  0xf020-0xf03f]
[    0.566881] pci 0000:00:19.0: PME# supported from D0 D3hot D3cold
[    0.566912] pci 0000:00:19.0: System wakeup disabled by ACPI
[    0.566935] pci 0000:00:1a.0: [8086:1d2d] type 00 class 0x0c0320
[    0.566949] pci 0000:00:1a.0: reg 0x10: [mem 0xfb526000-0xfb5263ff]
[    0.567023] pci 0000:00:1a.0: PME# supported from D0 D3hot D3cold
[    0.567055] pci 0000:00:1a.0: System wakeup disabled by ACPI
[    0.567079] pci 0000:00:1b.0: [8086:1d20] type 00 class 0x040300
[    0.567092] pci 0000:00:1b.0: reg 0x10: [mem 0xfb520000-0xfb523fff 64bit]
[    0.567158] pci 0000:00:1b.0: PME# supported from D0 D3hot D3cold
[    0.567210] pci 0000:00:1c.0: [8086:1d10] type 01 class 0x060400
[    0.567278] pci 0000:00:1c.0: PME# supported from D0 D3hot D3cold
[    0.567313] pci 0000:00:1c.0: System wakeup disabled by ACPI
[    0.567336] pci 0000:00:1c.1: [8086:1d12] type 01 class 0x060400
[    0.567405] pci 0000:00:1c.1: PME# supported from D0 D3hot D3cold
[    0.567441] pci 0000:00:1c.1: System wakeup disabled by ACPI
[    0.567465] pci 0000:00:1c.2: [8086:1d14] type 01 class 0x060400
[    0.567535] pci 0000:00:1c.2: PME# supported from D0 D3hot D3cold
[    0.567570] pci 0000:00:1c.2: System wakeup disabled by ACPI
[    0.567593] pci 0000:00:1c.3: [8086:1d16] type 01 class 0x060400
[    0.567661] pci 0000:00:1c.3: PME# supported from D0 D3hot D3cold
[    0.567696] pci 0000:00:1c.3: System wakeup disabled by ACPI
[    0.567722] pci 0000:00:1c.7: [8086:1d1e] type 01 class 0x060400
[    0.567789] pci 0000:00:1c.7: PME# supported from D0 D3hot D3cold
[    0.567825] pci 0000:00:1c.7: System wakeup disabled by ACPI
[    0.567848] pci 0000:00:1d.0: [8086:1d26] type 00 class 0x0c0320
[    0.567863] pci 0000:00:1d.0: reg 0x10: [mem 0xfb525000-0xfb5253ff]
[    0.567937] pci 0000:00:1d.0: PME# supported from D0 D3hot D3cold
[    0.567969] pci 0000:00:1d.0: System wakeup disabled by ACPI
[    0.567989] pci 0000:00:1e.0: [8086:244e] type 01 class 0x060401
[    0.568056] pci 0000:00:1e.0: System wakeup disabled by ACPI
[    0.568079] pci 0000:00:1f.0: [8086:1d41] type 00 class 0x060100
[    0.568221] pci 0000:00:1f.2: [8086:1d00] type 00 class 0x01018f
[    0.568232] pci 0000:00:1f.2: reg 0x10: [io  0xf0f0-0xf0f7]
[    0.568238] pci 0000:00:1f.2: reg 0x14: [io  0xf0e0-0xf0e3]
[    0.568243] pci 0000:00:1f.2: reg 0x18: [io  0xf0d0-0xf0d7]
[    0.568249] pci 0000:00:1f.2: reg 0x1c: [io  0xf0c0-0xf0c3]
[    0.568255] pci 0000:00:1f.2: reg 0x20: [io  0xf0b0-0xf0bf]
[    0.568261] pci 0000:00:1f.2: reg 0x24: [io  0xf0a0-0xf0af]
[    0.568331] pci 0000:00:1f.3: [8086:1d22] type 00 class 0x0c0500
[    0.568343] pci 0000:00:1f.3: reg 0x10: [mem 0xfb524000-0xfb5240ff 64bit]
[    0.568360] pci 0000:00:1f.3: reg 0x20: [io  0xf000-0xf01f]
[    0.568424] pci 0000:00:1f.5: [8086:1d08] type 00 class 0x010185
[    0.568437] pci 0000:00:1f.5: reg 0x10: [io  0xf090-0xf097]
[    0.568443] pci 0000:00:1f.5: reg 0x14: [io  0xf080-0xf083]
[    0.568449] pci 0000:00:1f.5: reg 0x18: [io  0xf070-0xf077]
[    0.568454] pci 0000:00:1f.5: reg 0x1c: [io  0xf060-0xf063]
[    0.568460] pci 0000:00:1f.5: reg 0x20: [io  0xf050-0xf05f]
[    0.568466] pci 0000:00:1f.5: reg 0x24: [io  0xf040-0xf04f]
[    0.568566] pci 0000:00:01.0: PCI bridge to [bus 03]
[    0.568606] pci 0000:01:00.0: [10de:17f0] type 00 class 0x030000
[    0.568614] pci 0000:01:00.0: reg 0x10: [mem 0xfa000000-0xfaffffff]
[    0.568622] pci 0000:01:00.0: reg 0x14: [mem 0xc0000000-0xcfffffff
64bit pref]
[    0.568630] pci 0000:01:00.0: reg 0x1c: [mem 0xd0000000-0xd1ffffff
64bit pref]
[    0.568635] pci 0000:01:00.0: reg 0x24: [io  0xe000-0xe07f]
[    0.568641] pci 0000:01:00.0: reg 0x30: [mem 0xfb000000-0xfb07ffff pref]
[    0.568714] pci 0000:01:00.1: [10de:0fb0] type 00 class 0x040300
[    0.568722] pci 0000:01:00.1: reg 0x10: [mem 0xfb080000-0xfb083fff]
[    0.568813] pci 0000:00:02.0: PCI bridge to [bus 01]
[    0.568815] pci 0000:00:02.0:   bridge window [io  0xe000-0xefff]
[    0.568817] pci 0000:00:02.0:   bridge window [mem 0xfa000000-0xfb0fffff]
[    0.568821] pci 0000:00:02.0:   bridge window [mem
0xc0000000-0xd1ffffff 64bit pref]
[    0.568848] pci 0000:00:03.0: PCI bridge to [bus 02]
[    0.568888] pci 0000:00:11.0: PCI bridge to [bus 04]
[    0.568927] pci 0000:00:1c.0: PCI bridge to [bus 05]
[    0.568982] pci 0000:06:00.0: [1b21:0612] type 00 class 0x010601
[    0.569002] pci 0000:06:00.0: reg 0x10: [io  0xd050-0xd057]
[    0.569014] pci 0000:06:00.0: reg 0x14: [io  0xd040-0xd043]
[    0.569026] pci 0000:06:00.0: reg 0x18: [io  0xd030-0xd037]
[    0.569038] pci 0000:06:00.0: reg 0x1c: [io  0xd020-0xd023]
[    0.569050] pci 0000:06:00.0: reg 0x20: [io  0xd000-0xd01f]
[    0.569062] pci 0000:06:00.0: reg 0x24: [mem 0xfb400000-0xfb4001ff]
[    0.572158] pci 0000:00:1c.1: PCI bridge to [bus 06]
[    0.572163] pci 0000:00:1c.1:   bridge window [io  0xd000-0xdfff]
[    0.572168] pci 0000:00:1c.1:   bridge window [mem 0xfb400000-0xfb4fffff]
[    0.572237] pci 0000:07:00.0: [1b21:1042] type 00 class 0x0c0330
[    0.572266] pci 0000:07:00.0: reg 0x10: [mem 0xfb300000-0xfb307fff 64bit]
[    0.572415] pci 0000:07:00.0: PME# supported from D3hot D3cold
[    0.575154] pci 0000:00:1c.2: PCI bridge to [bus 07]
[    0.575158] pci 0000:00:1c.2:   bridge window [mem 0xfb300000-0xfb3fffff]
[    0.575217] pci 0000:08:00.0: [1b21:1042] type 00 class 0x0c0330
[    0.575248] pci 0000:08:00.0: reg 0x10: [mem 0xfb200000-0xfb207fff 64bit]
[    0.575396] pci 0000:08:00.0: PME# supported from D3hot D3cold
[    0.578163] pci 0000:00:1c.3: PCI bridge to [bus 08]
[    0.578168] pci 0000:00:1c.3:   bridge window [mem 0xfb200000-0xfb2fffff]
[    0.578219] pci 0000:09:00.0: [1b4b:9130] type 00 class 0x010601
[    0.578238] pci 0000:09:00.0: reg 0x10: [io  0xc040-0xc047]
[    0.578249] pci 0000:09:00.0: reg 0x14: [io  0xc030-0xc033]
[    0.578260] pci 0000:09:00.0: reg 0x18: [io  0xc020-0xc027]
[    0.578270] pci 0000:09:00.0: reg 0x1c: [io  0xc010-0xc013]
[    0.578281] pci 0000:09:00.0: reg 0x20: [io  0xc000-0xc00f]
[    0.578292] pci 0000:09:00.0: reg 0x24: [mem 0xfb110000-0xfb1107ff]
[    0.578303] pci 0000:09:00.0: reg 0x30: [mem 0xfb100000-0xfb10ffff pref]
[    0.578315] pci 0000:09:00.0: Enabling fixed DMA alias to 00.1
[    0.578363] pci 0000:09:00.0: PME# supported from D3hot
[    0.581180] pci 0000:00:1c.7: PCI bridge to [bus 09]
[    0.581185] pci 0000:00:1c.7:   bridge window [io  0xc000-0xcfff]
[    0.581190] pci 0000:00:1c.7:   bridge window [mem 0xfb100000-0xfb1fffff]
[    0.581263] pci 0000:00:1e.0: PCI bridge to [bus 0a] (subtractive decode)
[    0.581270] pci 0000:00:1e.0:   bridge window [io  0x0000-0x03af
window] (subtractive decode)
[    0.581271] pci 0000:00:1e.0:   bridge window [io  0x03e0-0x0cf7
window] (subtractive decode)
[    0.581271] pci 0000:00:1e.0:   bridge window [io  0x03b0-0x03df
window] (subtractive decode)
[    0.581272] pci 0000:00:1e.0:   bridge window [io  0x0d00-0xffff
window] (subtractive decode)
[    0.581273] pci 0000:00:1e.0:   bridge window [mem
0x000a0000-0x000bffff window] (subtractive decode)
[    0.581274] pci 0000:00:1e.0:   bridge window [mem
0x000c0000-0x000dffff window] (subtractive decode)
[    0.581275] pci 0000:00:1e.0:   bridge window [mem
0xc0000000-0xffffffff window] (subtractive decode)
[    0.581551] ACPI: PCI Root Bridge [UNC0] (domain 0000 [bus ff])
[    0.581553] acpi PNP0A03:00: _OSC: OS supports [ExtendedConfig ASPM
ClockPM Segments MSI]
[    0.581568] acpi PNP0A03:00: _OSC: OS now controls [PCIeHotplug PME
AER PCIeCapability]
[    0.581599] PCI host bridge to bus 0000:ff
[    0.581600] pci_bus 0000:ff: root bus resource [bus ff]
[    0.581606] pci 0000:ff:08.0: [8086:3c80] type 00 class 0x088000
[    0.581643] pci 0000:ff:08.3: [8086:3c83] type 00 class 0x088000
[    0.581690] pci 0000:ff:08.4: [8086:3c84] type 00 class 0x088000
[    0.581738] pci 0000:ff:09.0: [8086:3c90] type 00 class 0x088000
[    0.581776] pci 0000:ff:09.3: [8086:3c93] type 00 class 0x088000
[    0.581818] pci 0000:ff:09.4: [8086:3c94] type 00 class 0x088000
[    0.581866] pci 0000:ff:0a.0: [8086:3cc0] type 00 class 0x088000
[    0.581898] pci 0000:ff:0a.1: [8086:3cc1] type 00 class 0x088000
[    0.581929] pci 0000:ff:0a.2: [8086:3cc2] type 00 class 0x088000
[    0.581957] pci 0000:ff:0a.3: [8086:3cd0] type 00 class 0x088000
[    0.581987] pci 0000:ff:0b.0: [8086:3ce0] type 00 class 0x088000
[    0.582014] pci 0000:ff:0b.3: [8086:3ce3] type 00 class 0x088000
[    0.582041] pci 0000:ff:0c.0: [8086:3ce8] type 00 class 0x088000
[    0.582068] pci 0000:ff:0c.1: [8086:3ce8] type 00 class 0x088000
[    0.582100] pci 0000:ff:0c.6: [8086:3cf4] type 00 class 0x088000
[    0.582127] pci 0000:ff:0c.7: [8086:3cf6] type 00 class 0x088000
[    0.582153] pci 0000:ff:0d.0: [8086:3ce8] type 00 class 0x088000
[    0.582186] pci 0000:ff:0d.1: [8086:3ce8] type 00 class 0x088000
[    0.582214] pci 0000:ff:0d.6: [8086:3cf5] type 00 class 0x088000
[    0.582240] pci 0000:ff:0e.0: [8086:3ca0] type 00 class 0x088000
[    0.582268] pci 0000:ff:0e.1: [8086:3c46] type 00 class 0x110100
[    0.582300] pci 0000:ff:0f.0: [8086:3ca8] type 00 class 0x088000
[    0.582337] pci 0000:ff:0f.1: [8086:3c71] type 00 class 0x088000
[    0.582375] pci 0000:ff:0f.2: [8086:3caa] type 00 class 0x088000
[    0.582412] pci 0000:ff:0f.3: [8086:3cab] type 00 class 0x088000
[    0.582449] pci 0000:ff:0f.4: [8086:3cac] type 00 class 0x088000
[    0.582488] pci 0000:ff:0f.5: [8086:3cad] type 00 class 0x088000
[    0.582528] pci 0000:ff:0f.6: [8086:3cae] type 00 class 0x088000
[    0.582563] pci 0000:ff:10.0: [8086:3cb0] type 00 class 0x088000
[    0.582602] pci 0000:ff:10.1: [8086:3cb1] type 00 class 0x088000
[    0.582640] pci 0000:ff:10.2: [8086:3cb2] type 00 class 0x088000
[    0.582677] pci 0000:ff:10.3: [8086:3cb3] type 00 class 0x088000
[    0.582714] pci 0000:ff:10.4: [8086:3cb4] type 00 class 0x088000
[    0.582756] pci 0000:ff:10.5: [8086:3cb5] type 00 class 0x088000
[    0.582794] pci 0000:ff:10.6: [8086:3cb6] type 00 class 0x088000
[    0.582832] pci 0000:ff:10.7: [8086:3cb7] type 00 class 0x088000
[    0.582868] pci 0000:ff:11.0: [8086:3cb8] type 00 class 0x088000
[    0.582902] pci 0000:ff:13.0: [8086:3ce4] type 00 class 0x088000
[    0.582932] pci 0000:ff:13.1: [8086:3c43] type 00 class 0x110100
[    0.582959] pci 0000:ff:13.4: [8086:3ce6] type 00 class 0x110100
[    0.582986] pci 0000:ff:13.5: [8086:3c44] type 00 class 0x110100
[    0.583013] pci 0000:ff:13.6: [8086:3c45] type 00 class 0x088000
[    0.583112] ACPI: PCI Interrupt Link [LNKA] (IRQs 3 4 5 6 7 10 *11 12 14 15)
[    0.583146] ACPI: PCI Interrupt Link [LNKB] (IRQs 3 4 5 6 7 *10 11 12 14 15)
[    0.583183] ACPI: PCI Interrupt Link [LNKC] (IRQs 3 4 5 6 10 11 12 14 *15)
[    0.583216] ACPI: PCI Interrupt Link [LNKD] (IRQs 3 *4 5 6 10 11 12 14 15)
[    0.583248] ACPI: PCI Interrupt Link [LNKE] (IRQs 3 4 5 6 *7 10 11 12 14 15)
[    0.583281] ACPI: PCI Interrupt Link [LNKF] (IRQs 3 4 5 6 7 10 11
12 14 15) *0, disabled.
[    0.583315] ACPI: PCI Interrupt Link [LNKG] (IRQs *3 4 5 6 7 10 11 12 14 15)
[    0.583348] ACPI: PCI Interrupt Link [LNKH] (IRQs 3 4 *5 6 7 10 11 12 14 15)
[    0.585434] ACPI: Enabled 2 GPEs in block 00 to 3F
[    0.585461] ACPI : EC: interrupt unblocked
[    0.585466] ACPI : EC: event unblocked
[    0.585470] ACPI: \_SB_.PCI0.SBRG.EC0_: GPE=0x1e,
EC_CMD/EC_SC=0x66, EC_DATA=0x62
[    0.585471] ACPI: \_SB_.PCI0.SBRG.EC0_: Used as boot DSDT EC to
handle transactions and events
[    0.585550] pci 0000:01:00.0: vgaarb: setting as boot VGA device
[    0.585551] pci 0000:01:00.0: vgaarb: VGA device added:
decodes=io+mem,owns=io+mem,locks=none
[    0.585559] pci 0000:01:00.0: vgaarb: bridge control possible
[    0.585559] vgaarb: loaded
[    0.585606] SCSI subsystem initialized
[    0.585642] libata version 3.00 loaded.
[    0.585672] ACPI: bus type USB registered
[    0.585687] usbcore: registered new interface driver usbfs
[    0.585693] usbcore: registered new interface driver hub
[    0.585707] usbcore: registered new device driver usb
[    0.585725] pps_core: LinuxPPS API ver. 1 registered
[    0.585726] pps_core: Software ver. 5.3.6 - Copyright 2005-2007
Rodolfo Giometti <giometti@linux.it>
[    0.585730] PTP clock support registered
[    0.585779] Advanced Linux Sound Architecture Driver Initialized.
[    0.585787] PCI: Using ACPI for IRQ routing
[    0.591254] PCI: pci_cache_line_size set to 64 bytes
[    0.591342] e820: reserve RAM buffer [mem 0x0009fc00-0x0009ffff]
[    0.591343] e820: reserve RAM buffer [mem 0xbc08d000-0xbfffffff]
[    0.591343] e820: reserve RAM buffer [mem 0xbd726000-0xbfffffff]
[    0.591344] e820: reserve RAM buffer [mem 0xbdbe7000-0xbfffffff]
[    0.591345] e820: reserve RAM buffer [mem 0xbe000000-0xbfffffff]
[    0.591473] NetLabel: Initializing
[    0.591473] NetLabel:  domain hash size = 128
[    0.591474] NetLabel:  protocols = UNLABELED CIPSOv4 CALIPSO
[    0.591488] NetLabel:  unlabeled traffic allowed by default
[    0.591554] hpet0: at MMIO 0xfed00000, IRQs 2, 8, 0, 0, 0, 0, 0, 0
[    0.591557] hpet0: 8 comparators, 64-bit 14.318180 MHz counter
[    0.593593] clocksource: Switched to clocksource hpet
[    0.599615] VFS: Disk quotas dquot_6.6.0
[    0.599628] VFS: Dquot-cache hash table entries: 512 (order 0, 4096 bytes)
[    0.599679] pnp: PnP ACPI init
[    0.599778] system 00:00: [mem 0xfc000000-0xfcffffff] has been reserved
[    0.599779] system 00:00: [mem 0xfd000000-0xfdffffff] has been reserved
[    0.599781] system 00:00: [mem 0xfe000000-0xfeafffff] has been reserved
[    0.599782] system 00:00: [mem 0xfeb00000-0xfebfffff] has been reserved
[    0.599783] system 00:00: [mem 0xfed00400-0xfed3ffff] could not be reserved
[    0.599784] system 00:00: [mem 0xfed45000-0xfedfffff] has been reserved
[    0.599785] system 00:00: [mem 0xfee00000-0xfeefffff] has been reserved
[    0.599788] system 00:00: Plug and Play ACPI device, IDs PNP0c01 (active)
[    0.599866] system 00:01: [io  0x0290-0x029f] has been reserved
[    0.599868] system 00:01: Plug and Play ACPI device, IDs PNP0c02 (active)
[    0.599887] pnp 00:02: Plug and Play ACPI device, IDs PNP0b00 (active)
[    0.599935] system 00:03: [io  0x04d0-0x04d1] has been reserved
[    0.599937] system 00:03: Plug and Play ACPI device, IDs PNP0c02 (active)
[    0.600060] system 00:04: [io  0x0400-0x0453] has been reserved
[    0.600061] system 00:04: [io  0x0458-0x047f] has been reserved
[    0.600062] system 00:04: [io  0x1180-0x119f] has been reserved
[    0.600062] system 00:04: [io  0x0500-0x057f] has been reserved
[    0.600064] system 00:04: [mem 0xfed1c000-0xfed1ffff] has been reserved
[    0.600065] system 00:04: [mem 0xfec00000-0xfecfffff] could not be reserved
[    0.600066] system 00:04: [mem 0xff000000-0xffffffff] has been reserved
[    0.600067] system 00:04: Plug and Play ACPI device, IDs PNP0c01 (active)
[    0.600115] system 00:05: [io  0x0454-0x0457] has been reserved
[    0.600117] system 00:05: Plug and Play ACPI device, IDs INT3f0d
PNP0c02 (active)
[    0.600314] pnp: PnP ACPI: found 6 devices
[    0.605980] clocksource: acpi_pm: mask: 0xffffff max_cycles:
0xffffff, max_idle_ns: 2085701024 ns
[    0.606042] pci 0000:00:01.0: PCI bridge to [bus 03]
[    0.606050] pci 0000:00:02.0: PCI bridge to [bus 01]
[    0.606052] pci 0000:00:02.0:   bridge window [io  0xe000-0xefff]
[    0.606055] pci 0000:00:02.0:   bridge window [mem 0xfa000000-0xfb0fffff]
[    0.606057] pci 0000:00:02.0:   bridge window [mem
0xc0000000-0xd1ffffff 64bit pref]
[    0.606060] pci 0000:00:03.0: PCI bridge to [bus 02]
[    0.606068] pci 0000:00:11.0: PCI bridge to [bus 04]
[    0.606078] pci 0000:00:1c.0: PCI bridge to [bus 05]
[    0.606087] pci 0000:00:1c.1: PCI bridge to [bus 06]
[    0.606089] pci 0000:00:1c.1:   bridge window [io  0xd000-0xdfff]
[    0.606092] pci 0000:00:1c.1:   bridge window [mem 0xfb400000-0xfb4fffff]
[    0.606099] pci 0000:00:1c.2: PCI bridge to [bus 07]
[    0.606102] pci 0000:00:1c.2:   bridge window [mem 0xfb300000-0xfb3fffff]
[    0.606108] pci 0000:00:1c.3: PCI bridge to [bus 08]
[    0.606112] pci 0000:00:1c.3:   bridge window [mem 0xfb200000-0xfb2fffff]
[    0.606118] pci 0000:00:1c.7: PCI bridge to [bus 09]
[    0.606120] pci 0000:00:1c.7:   bridge window [io  0xc000-0xcfff]
[    0.606123] pci 0000:00:1c.7:   bridge window [mem 0xfb100000-0xfb1fffff]
[    0.606129] pci 0000:00:1e.0: PCI bridge to [bus 0a]
[    0.606138] pci_bus 0000:00: resource 4 [io  0x0000-0x03af window]
[    0.606138] pci_bus 0000:00: resource 5 [io  0x03e0-0x0cf7 window]
[    0.606139] pci_bus 0000:00: resource 6 [io  0x03b0-0x03df window]
[    0.606140] pci_bus 0000:00: resource 7 [io  0x0d00-0xffff window]
[    0.606141] pci_bus 0000:00: resource 8 [mem 0x000a0000-0x000bffff window]
[    0.606141] pci_bus 0000:00: resource 9 [mem 0x000c0000-0x000dffff window]
[    0.606142] pci_bus 0000:00: resource 10 [mem 0xc0000000-0xffffffff window]
[    0.606143] pci_bus 0000:01: resource 0 [io  0xe000-0xefff]
[    0.606144] pci_bus 0000:01: resource 1 [mem 0xfa000000-0xfb0fffff]
[    0.606145] pci_bus 0000:01: resource 2 [mem 0xc0000000-0xd1ffffff
64bit pref]
[    0.606146] pci_bus 0000:06: resource 0 [io  0xd000-0xdfff]
[    0.606146] pci_bus 0000:06: resource 1 [mem 0xfb400000-0xfb4fffff]
[    0.606147] pci_bus 0000:07: resource 1 [mem 0xfb300000-0xfb3fffff]
[    0.606148] pci_bus 0000:08: resource 1 [mem 0xfb200000-0xfb2fffff]
[    0.606149] pci_bus 0000:09: resource 0 [io  0xc000-0xcfff]
[    0.606149] pci_bus 0000:09: resource 1 [mem 0xfb100000-0xfb1fffff]
[    0.606150] pci_bus 0000:0a: resource 4 [io  0x0000-0x03af window]
[    0.606151] pci_bus 0000:0a: resource 5 [io  0x03e0-0x0cf7 window]
[    0.606152] pci_bus 0000:0a: resource 6 [io  0x03b0-0x03df window]
[    0.606152] pci_bus 0000:0a: resource 7 [io  0x0d00-0xffff window]
[    0.606153] pci_bus 0000:0a: resource 8 [mem 0x000a0000-0x000bffff window]
[    0.606154] pci_bus 0000:0a: resource 9 [mem 0x000c0000-0x000dffff window]
[    0.606155] pci_bus 0000:0a: resource 10 [mem 0xc0000000-0xffffffff window]
[    0.606205] NET: Registered protocol family 2
[    0.606332] TCP established hash table entries: 65536 (order: 7,
524288 bytes)
[    0.606459] TCP bind hash table entries: 65536 (order: 8, 1048576 bytes)
[    0.606682] TCP: Hash tables configured (established 65536 bind 65536)
[    0.606713] UDP hash table entries: 4096 (order: 5, 131072 bytes)
[    0.606744] UDP-Lite hash table entries: 4096 (order: 5, 131072 bytes)
[    0.606798] NET: Registered protocol family 1
[    0.606863] RPC: Registered named UNIX socket transport module.
[    0.606863] RPC: Registered udp transport module.
[    0.606863] RPC: Registered tcp transport module.
[    0.606864] RPC: Registered tcp NFSv4.1 backchannel transport module.
[    0.640696] pci 0000:01:00.0: Video device with shadowed ROM at
[mem 0x000c0000-0x000dffff]
[    0.640949] PCI: CLS 64 bytes, default 64
[    0.640978] Unpacking initramfs...
[    0.736872] Freeing initrd memory: 9100K
[    0.736876] PCI-DMA: Using software bounce buffering for IO (SWIOTLB)
[    0.736878] software IO TLB [mem 0xb808d000-0xbc08d000] (64MB)
mapped at [ffff8800b808d000-ffff8800bc08cfff]
[    0.736991] RAPL PMU: API unit is 2^-32 Joules, 3 fixed counters,
163840 ms ovfl timer
[    0.736991] RAPL PMU: hw unit of domain pp0-core 2^-16 Joules
[    0.736992] RAPL PMU: hw unit of domain package 2^-16 Joules
[    0.736992] RAPL PMU: hw unit of domain dram 2^-16 Joules
[    0.737829] Scanning for low memory corruption every 60 seconds
[    0.738018] audit: initializing netlink subsys (disabled)
[    0.738399] workingset: timestamp_bits=56 max_order=21 bucket_order=0
[    0.739447] NFS: Registering the id_resolver key type
[    0.739452] Key type id_resolver registered
[    0.739453] Key type id_legacy registered
[    0.739515] SELinux:  Registering netfilter hooks
[    0.740314] Block layer SCSI generic (bsg) driver version 0.4
loaded (major 251)
[    0.740315] io scheduler noop registered
[    0.740315] io scheduler deadline registered
[    0.740342] io scheduler cfq registered (default)
[    0.740343] io scheduler mq-deadline registered
[    0.741210] input: Power Button as
/devices/LNXSYSTM:00/LNXSYBUS:00/PNP0C0C:00/input/input0
[    0.741213] ACPI: Power Button [PWRB]
[    0.741238] input: Power Button as
/devices/LNXSYSTM:00/LNXPWRBN:00/input/input1
[    0.741239] ACPI: Power Button [PWRF]
[    0.741323] Monitor-Mwait will be used to enter C-1 state
[    0.741329] Monitor-Mwait will be used to enter C-2 state
[    0.747378] Serial: 8250/16550 driver, 4 ports, IRQ sharing enabled
[    0.747723] Non-volatile memory driver v1.3
[    0.747743] Linux agpgart interface v0.103
[    0.749750] loop: module loaded
[    0.749802] ahci 0000:06:00.0: version 3.0
[    0.749895] ahci 0000:06:00.0: SSS flag set, parallel bus scan disabled
[    0.749933] ahci 0000:06:00.0: AHCI 0001.0200 32 slots 2 ports 6
Gbps 0x3 impl SATA mode
[    0.749935] ahci 0000:06:00.0: flags: 64bit ncq sntf stag led clo
pmp pio slum part ccc
[    0.750146] scsi host0: ahci
[    0.750213] scsi host1: ahci
[    0.750244] ata1: SATA max UDMA/133 abar m512@0xfb400000 port
0xfb400100 irq 27
[    0.750246] ata2: SATA max UDMA/133 abar m512@0xfb400000 port
0xfb400180 irq 27
[    0.760515] ahci 0000:09:00.0: AHCI 0001.0200 32 slots 8 ports 6
Gbps 0xff impl SATA mode
[    0.760516] ahci 0000:09:00.0: flags: 64bit ncq pio
[    0.761005] scsi host2: ahci
[    0.761065] scsi host3: ahci
[    0.761120] scsi host4: ahci
[    0.761173] scsi host5: ahci
[    0.761221] scsi host6: ahci
[    0.761278] scsi host7: ahci
[    0.761327] scsi host8: ahci
[    0.761373] scsi host9: ahci
[    0.761394] ata3: SATA max UDMA/133 abar m2048@0xfb110000 port
0xfb110100 irq 28
[    0.761396] ata4: SATA max UDMA/133 abar m2048@0xfb110000 port
0xfb110180 irq 28
[    0.761398] ata5: SATA max UDMA/133 abar m2048@0xfb110000 port
0xfb110200 irq 28
[    0.761400] ata6: SATA max UDMA/133 abar m2048@0xfb110000 port
0xfb110280 irq 28
[    0.761402] ata7: SATA max UDMA/133 abar m2048@0xfb110000 port
0xfb110300 irq 28
[    0.761403] ata8: SATA max UDMA/133 abar m2048@0xfb110000 port
0xfb110380 irq 28
[    0.761405] ata9: SATA max UDMA/133 abar m2048@0xfb110000 port
0xfb110400 irq 28
[    0.761407] ata10: SATA max UDMA/133 abar m2048@0xfb110000 port
0xfb110480 irq 28
[    0.761449] ata_piix 0000:00:1f.2: version 2.13
[    0.761521] ata_piix 0000:00:1f.2: MAP [ P0 P2 P1 P3 ]
[    0.762048] scsi host10: ata_piix
[    0.762106] scsi host11: ata_piix
[    0.762128] ata11: SATA max UDMA/133 cmd 0xf0f0 ctl 0xf0e0 bmdma
0xf0b0 irq 20
[    0.762132] ata12: SATA max UDMA/133 cmd 0xf0d0 ctl 0xf0c0 bmdma
0xf0b8 irq 20
[    0.762194] ata_piix 0000:00:1f.5: MAP [ P0 -- P1 -- ]
[    0.762210] ata_piix 0000:00:1f.5: SCR access via SIDPR is
available but doesn't work
[    0.762673] scsi host12: ata_piix
[    0.762728] scsi host13: ata_piix
[    0.762747] ata13: SATA max UDMA/133 cmd 0xf090 ctl 0xf080 bmdma
0xf050 irq 20
[    0.762748] ata14: SATA max UDMA/133 cmd 0xf070 ctl 0xf060 bmdma
0xf058 irq 20
[    0.762821] e100: Intel(R) PRO/100 Network Driver, 3.5.24-k2-NAPI
[    0.762822] e100: Copyright(c) 1999-2006 Intel Corporation
[    0.762839] e1000: Intel(R) PRO/1000 Network Driver - version 7.3.21-k8-NAPI
[    0.762840] e1000: Copyright (c) 1999-2006 Intel Corporation.
[    0.762853] e1000e: Intel(R) PRO/1000 Network Driver - 3.2.6-k
[    0.762853] e1000e: Copyright(c) 1999 - 2015 Intel Corporation.
[    0.762941] e1000e 0000:00:19.0: Interrupt Throttling Rate
(ints/sec) set to dynamic conservative mode
[    0.901146] e1000e 0000:00:19.0 0000:00:19.0 (uninitialized):
registered PHC clock
[    1.018782] e1000e 0000:00:19.0 eth0: (PCI Express:2.5GT/s:Width
x1) 60:a4:4c:54:a2:40
[    1.018783] e1000e 0000:00:19.0 eth0: Intel(R) PRO/1000 Network Connection
[    1.018824] e1000e 0000:00:19.0 eth0: MAC: 10, PHY: 11, PBA No: FFFFFF-0FF
[    1.018843] sky2: driver version 1.30
[    1.018950] ehci_hcd: USB 2.0 'Enhanced' Host Controller (EHCI) Driver
[    1.018950] ehci-pci: EHCI PCI platform driver
[    1.019034] ehci-pci 0000:00:1a.0: EHCI Host Controller
[    1.019165] ehci-pci 0000:00:1a.0: new USB bus registered, assigned
bus number 1
[    1.019176] ehci-pci 0000:00:1a.0: debug port 2
[    1.023083] ehci-pci 0000:00:1a.0: cache line size of 64 is not supported
[    1.023089] ehci-pci 0000:00:1a.0: irq 23, io mem 0xfb526000
[    1.029680] ehci-pci 0000:00:1a.0: USB 2.0 started, EHCI 1.00
[    1.029702] usb usb1: New USB device found, idVendor=1d6b, idProduct=0002
[    1.029703] usb usb1: New USB device strings: Mfr=3, Product=2,
SerialNumber=1
[    1.029704] usb usb1: Product: EHCI Host Controller
[    1.029705] usb usb1: Manufacturer: Linux 4.11.0-rc4y+ ehci_hcd
[    1.029706] usb usb1: SerialNumber: 0000:00:1a.0
[    1.029880] hub 1-0:1.0: USB hub found
[    1.029884] hub 1-0:1.0: 2 ports detected
[    1.030011] ehci-pci 0000:00:1d.0: EHCI Host Controller
[    1.030082] ehci-pci 0000:00:1d.0: new USB bus registered, assigned
bus number 2
[    1.030092] ehci-pci 0000:00:1d.0: debug port 2
[    1.033978] ehci-pci 0000:00:1d.0: cache line size of 64 is not supported
[    1.033982] ehci-pci 0000:00:1d.0: irq 23, io mem 0xfb525000
[    1.040675] ehci-pci 0000:00:1d.0: USB 2.0 started, EHCI 1.00
[    1.040692] usb usb2: New USB device found, idVendor=1d6b, idProduct=0002
[    1.040693] usb usb2: New USB device strings: Mfr=3, Product=2,
SerialNumber=1
[    1.040694] usb usb2: Product: EHCI Host Controller
[    1.040695] usb usb2: Manufacturer: Linux 4.11.0-rc4y+ ehci_hcd
[    1.040695] usb usb2: SerialNumber: 0000:00:1d.0
[    1.040852] hub 2-0:1.0: USB hub found
[    1.040856] hub 2-0:1.0: 2 ports detected
[    1.040918] ohci_hcd: USB 1.1 'Open' Host Controller (OHCI) Driver
[    1.040921] ohci-pci: OHCI PCI platform driver
[    1.040929] uhci_hcd: USB Universal Host Controller Interface driver
[    1.040948] usbcore: registered new interface driver usblp
[    1.040958] usbcore: registered new interface driver usb-storage
[    1.040974] i8042: PNP: No PS/2 controller found.
[    1.041182] rtc_cmos 00:02: RTC can wake from S4
[    1.041395] rtc_cmos 00:02: rtc core: registered rtc_cmos as rtc0
[    1.041419] rtc_cmos 00:02: alarms up to one month, y3k, 114 bytes
nvram, hpet irqs
[    1.041518] i801_smbus 0000:00:1f.3: SMBus using PCI interrupt
[    1.042261] device-mapper: ioctl: 4.35.0-ioctl (2016-06-23)
initialised: dm-devel@redhat.com
[    1.042266] intel_pstate: Intel P-state driver initializing
[    1.042524] hidraw: raw HID events driver (C) Jiri Kosina
[    1.042889] usbcore: registered new interface driver usbhid
[    1.042891] usbhid: USB HID core driver
[    1.043787] snd_hda_intel 0000:01:00.1: Disabling MSI
[    1.043878] Netfilter messages via NETLINK v0.30.
[    1.044157] nf_conntrack version 0.5.0 (65536 buckets, 262144 max)
[    1.044232] ctnetlink v0.93: registering with nfnetlink.
[    1.044446] ip_tables: (C) 2000-2006 Netfilter Core Team
[    1.044486] Initializing XFRM netlink socket
[    1.044707] NET: Registered protocol family 10
[    1.045159] Segment Routing with IPv6
[    1.045193] ip6_tables: (C) 2000-2006 Netfilter Core Team
[    1.045380] sit: IPv6, IPv4 and MPLS over IPv4 tunneling driver
[    1.045610] NET: Registered protocol family 17
[    1.045652] Key type dns_resolver registered
[    1.046584] microcode: sig=0x206d7, pf=0x4, revision=0x710
[    1.046724] microcode: Microcode Update Driver: v2.2.
[    1.047024] registered taskstats version 1
[    1.047697]   Magic number: 9:307:423
[    1.047824] console [netcon0] enabled
[    1.047825] netconsole: network logging started
[    1.047896] PM: Hibernation image not present or could not be loaded.
[    1.047898] ALSA device list:
[    1.047899]   No soundcards found.
[    1.051925] hdaudio hdaudioC0D0: Unable to bind the codec
[    1.061032] ata1: SATA link down (SStatus 0 SControl 300)
[    1.069076] ata4: SATA link down (SStatus 0 SControl 300)
[    1.069114] ata7: SATA link down (SStatus 0 SControl 300)
[    1.069163] ata5: SATA link down (SStatus 0 SControl 300)
[    1.069210] ata6: SATA link down (SStatus 0 SControl 300)
[    1.069244] ata9: SATA link down (SStatus 0 SControl 300)
[    1.069279] ata8: SATA link down (SStatus 0 SControl 300)
[    1.069316] ata10: SATA link up 1.5 Gbps (SStatus 113 SControl 300)
[    1.069349] ata3: SATA link down (SStatus 0 SControl 300)
[    1.069520] ata10.00: ATAPI: MARVELL VIRTUALL, 1.09, max UDMA/66
[    1.069867] ata10.00: configured for UDMA/66
[    1.155773] hdaudio hdaudioC1D0: Unable to bind the codec
[    1.343669] usb 1-1: new high-speed USB device number 2 using ehci-pci
[    1.351669] usb 2-1: new high-speed USB device number 2 using ehci-pci
[    1.365328] ata2: SATA link down (SStatus 0 SControl 300)
[    1.366050] scsi 9:0:0:0: Processor         Marvell  91xx Config
  1.01 PQ: 0 ANSI: 5
[    1.366336] scsi 9:0:0:0: Attached scsi generic sg0 type 3
[    1.462375] usb 1-1: New USB device found, idVendor=8087, idProduct=0024
[    1.462379] usb 1-1: New USB device strings: Mfr=0, Product=0, SerialNumber=0
[    1.462795] hub 1-1:1.0: USB hub found
[    1.462962] hub 1-1:1.0: 6 ports detected
[    1.470063] usb 2-1: New USB device found, idVendor=8087, idProduct=0024
[    1.470067] usb 2-1: New USB device strings: Mfr=0, Product=0, SerialNumber=0
[    1.470349] hub 2-1:1.0: USB hub found
[    1.470428] hub 2-1:1.0: 8 ports detected
[    1.735702] usb 1-1.1: new low-speed USB device number 3 using ehci-pci
[    1.743691] usb 2-1.8: new full-speed USB device number 3 using ehci-pci
[    1.759705] tsc: Refined TSC clocksource calibration: 3602.191 MHz
[    1.759713] clocksource: tsc: mask: 0xffffffffffffffff max_cycles:
0x33ec691ffad, max_idle_ns: 440795265355 ns
[    1.799696] ata12.00: failed to resume link (SControl 0)
[    1.822049] usb 1-1.1: New USB device found, idVendor=045e, idProduct=0084
[    1.822053] usb 1-1.1: New USB device strings: Mfr=1, Product=2,
SerialNumber=0
[    1.822055] usb 1-1.1: Product: Basic Optical Mouse
[    1.822057] usb 1-1.1: Manufacturer: Microsoft
[    1.822934] usb 2-1.8: New USB device found, idVendor=0cf3, idProduct=3005
[    1.822938] usb 2-1.8: New USB device strings: Mfr=0, Product=0,
SerialNumber=0
[    1.825997] input: Microsoft Basic Optical Mouse as
/devices/pci0000:00/0000:00:1a.0/usb1/1-1/1-1.1/1-1.1:1.0/0003:045E:0084.0001/input/input2
[    1.826254] hid-generic 0003:045E:0084.0001: input,hidraw0: USB HID
v1.10 Mouse [Microsoft Basic Optical Mouse] on
usb-0000:00:1a.0-1.1/input0
[    1.890713] usb 1-1.2: new low-speed USB device number 4 using ehci-pci
[    1.976018] usb 1-1.2: New USB device found, idVendor=046d, idProduct=c31c
[    1.976021] usb 1-1.2: New USB device strings: Mfr=1, Product=2,
SerialNumber=0
[    1.976035] usb 1-1.2: Product: USB Keyboard
[    1.976038] usb 1-1.2: Manufacturer: Logitech
[    1.981937] input: Logitech USB Keyboard as
/devices/pci0000:00/0000:00:1a.0/usb1/1-1/1-1.2/1-1.2:1.0/0003:046D:C31C.0002/input/input3
[    2.034050] hid-generic 0003:046D:C31C.0002: input,hidraw1: USB HID
v1.10 Keyboard [Logitech USB Keyboard] on usb-0000:00:1a.0-1.2/input0
[    2.041788] input: Logitech USB Keyboard as
/devices/pci0000:00/0000:00:1a.0/usb1/1-1/1-1.2/1-1.2:1.1/0003:046D:C31C.0003/input/input4
[    2.094068] hid-generic 0003:046D:C31C.0003: input,hidraw2: USB HID
v1.10 Device [Logitech USB Keyboard] on usb-0000:00:1a.0-1.2/input1
[    2.103715] ata11.01: failed to resume link (SControl 0)
[    2.255783] ata11.00: SATA link up 3.0 Gbps (SStatus 123 SControl 300)
[    2.255796] ata11.01: SATA link down (SStatus 0 SControl 0)
[    2.286772] ata11.00: ATA-7: WDC WD5000YS-01MPB0, 07.02E07, max UDMA/133
[    2.286776] ata11.00: 976773168 sectors, multi 16: LBA48 NCQ (depth 0/32)
[    2.289719] ata11.00: configured for UDMA/133
[    2.290087] scsi 10:0:0:0: Direct-Access     ATA      WDC
WD5000YS-01M 2E07 PQ: 0 ANSI: 5
[    2.290715] sd 10:0:0:0: Attached scsi generic sg1 type 0
[    2.290983] sd 10:0:0:0: [sda] 976773168 512-byte logical blocks:
(500 GB/466 GiB)
[    2.291064] sd 10:0:0:0: [sda] Write Protect is off
[    2.291068] sd 10:0:0:0: [sda] Mode Sense: 00 3a 00 00
[    2.291220] sd 10:0:0:0: [sda] Write cache: enabled, read cache:
enabled, doesn't support DPO or FUA
[    2.325922]  sda: sda1 sda2 < sda5 >
[    2.327463] sd 10:0:0:0: [sda] Attached SCSI disk
[    2.768009] clocksource: Switched to clocksource tsc
[    2.839759] ata12.01: failed to resume link (SControl 0)
[    2.850732] ata12.00: SATA link down (SStatus 0 SControl 0)
[    2.850758] ata12.01: SATA link down (SStatus 0 SControl 0)
[    2.853405] Freeing unused kernel memory: 1172K
[    2.853407] Write protecting the kernel read-only data: 14336k
[    2.854054] Freeing unused kernel memory: 720K
[    2.859496] Freeing unused kernel memory: 1232K
[    2.879459] random: systemd-udevd: uninitialized urandom read (16 bytes read)
[    2.879599] random: systemd-udevd: uninitialized urandom read (16 bytes read)
[    2.879622] random: systemd-udevd: uninitialized urandom read (16 bytes read)
[    2.880518] random: udevadm: uninitialized urandom read (16 bytes read)
[    2.880573] random: udevadm: uninitialized urandom read (16 bytes read)
[    2.883539] random: udevadm: uninitialized urandom read (16 bytes read)
[    2.883631] random: udevadm: uninitialized urandom read (16 bytes read)
[    2.883731] random: udevadm: uninitialized urandom read (16 bytes read)
[    2.883830] random: udevadm: uninitialized urandom read (16 bytes read)
[    2.883918] random: udevadm: uninitialized urandom read (16 bytes read)
[    2.949870] e1000e 0000:00:19.0 eno1: renamed from eth0
[    3.745445] systemd-udevd (1476) used greatest stack depth: 13720 bytes left
[    3.878600] EXT4-fs (sda1): mounted filesystem with ordered data
mode. Opts: (null)
[    3.978340] exe (1523) used greatest stack depth: 13672 bytes left
[    4.065760] run-init (1527) used greatest stack depth: 13656 bytes left
[    4.151474] random: crng init done
[    5.002000] systemd[1]: systemd 229 running in system mode. (+PAM
+AUDIT +SELINUX +IMA +APPARMOR +SMACK +SYSVINIT +UTMP +LIBCRYPTSETUP
+GCRYPT +GNUTLS +ACL +XZ -LZ4 +SECCOMP +BLKID +ELFUTILS +KMOD -IDN)
[    5.002303] systemd[1]: Detected architecture x86-64.
[    5.018870] systemd[1]: Set hostname to
<ashu-System-Product-Name-Invalid-entry-length-16-Fixed-up-to-11>.
[    5.447627] systemd-hiberna (1540) used greatest stack depth: 13624
bytes left
[    6.199753] systemd[1]: Started Forward Password Requests to Wall
Directory Watch.
[    6.199844] systemd[1]: Listening on udev Control Socket.
[    6.200059] systemd[1]: Set up automount Arbitrary Executable File
Formats File System Automount Point.
[    6.200083] systemd[1]: Reached target User and Group Name Lookups.
[    6.200161] systemd[1]: Created slice System Slice.
[    6.200232] systemd[1]: Created slice User and Session Slice.
[    6.200314] systemd[1]: Listening on Journal Socket.
[    6.885647] systemd-cgroups (1561) used greatest stack depth: 13512
bytes left
[    7.140106] grep (1558) used greatest stack depth: 13168 bytes left
[    7.929872] EXT4-fs (sda1): re-mounted. Opts: errors=remount-ro
[    8.322114] systemd-journald[1551]: Received request to flush
runtime journal from PID 1
[   12.558453] Adding 8326140k swap on /dev/sda5.  Priority:-1
extents:1 across:8326140k
[   20.371903] IPv6: ADDRCONF(NETDEV_UP): eno1: link is not ready
[   20.632868] IPv6: ADDRCONF(NETDEV_UP): eno1: link is not ready
[   24.041968] e1000e: eno1 NIC Link is Up 1000 Mbps Full Duplex, Flow
Control: Rx/Tx
[   24.042013] IPv6: ADDRCONF(NETDEV_CHANGE): eno1: link becomes ready
[  103.537481] vi (3198) used greatest stack depth: 13048 bytes left
[  106.802353] mount.nfs (3226) used greatest stack depth: 11200 bytes left



